// Jest Snapshot v1, https://goo.gl/fbAQLP

exports[`if loading set to true load Spinner component 1`] = `
<DocumentFragment>
  <img
    alt="loading"
    data-testid="loading"
    src="spinner.gif"
    style="width: 200px; margin: auto; display: block;"
  />
</DocumentFragment>
`;

exports[`if pokemons data not null generate list of pokemon items 1`] = `
<DocumentFragment>
  <div
    class="grid-245"
    data-testid="pokemon-list"
  >
    <div
      class="card list-item text-center"
      data-testid="pokemon-item-card"
    >
      <h3>
        Bulbasaur
      </h3>
      <a
        href="/pokemon/UG9rZW1vbjowMDE=/Bulbasaur"
      >
        <button
          class="btn btn-dark btn-sm"
        >
          stats
        </button>
        <div
          class="image-wrap"
        >
          <img
            alt="pokemon"
            src="https://img.pokemondb.net/artwork/bulbasaur.jpg"
          />
        </div>
      </a>
      <strong
        class="number"
      >
        001
      </strong>
    </div>
    <div
      class="card list-item text-center"
      data-testid="pokemon-item-card"
    >
      <h3>
        Ivysaur
      </h3>
      <a
        href="/pokemon/UG9rZW1vbjowMDI=/Ivysaur"
      >
        <button
          class="btn btn-dark btn-sm"
        >
          stats
        </button>
        <div
          class="image-wrap"
        >
          <img
            alt="pokemon"
            src="https://img.pokemondb.net/artwork/ivysaur.jpg"
          />
        </div>
      </a>
      <strong
        class="number"
      >
        002
      </strong>
    </div>
  </div>
</DocumentFragment>
`;
