// Jest Snapshot v1, https://goo.gl/fbAQLP

exports[`it displays a pokemon list item 1`] = `
<DocumentFragment>
  <div
    class="card detail"
    data-testid="pokemon-attacks"
  >
    <h3
      class="label-dark"
    >
      Attacks
    </h3>
    <div>
      <strong
        class="label-dark"
      >
        Fast Attacks: 
      </strong>
      <div
        class="detail-object-list"
      >
        <span>
          <strong
            class="label-light"
          >
            Name:
          </strong>
           Tackle
        </span>
        <span>
          <strong
            class="label-light"
          >
            Type:
          </strong>
           Normal
        </span>
        <span>
          <strong
            class="label-light"
          >
            Damage:
          </strong>
           12
        </span>
      </div>
      <div
        class="detail-object-list"
      >
        <span>
          <strong
            class="label-light"
          >
            Name:
          </strong>
           Vine Whip
        </span>
        <span>
          <strong
            class="label-light"
          >
            Type:
          </strong>
           Grass
        </span>
        <span>
          <strong
            class="label-light"
          >
            Damage:
          </strong>
           7
        </span>
      </div>
    </div>
    <div>
      <strong
        class="label-dark"
      >
        Special Attacks: 
      </strong>
      <div
        class="detail-object-list"
      >
        <span>
          <strong
            class="label-light"
          >
            Name:
          </strong>
           Power Whip
        </span>
        <span>
          <strong
            class="label-light"
          >
            Type:
          </strong>
           Grass
        </span>
        <span>
          <strong
            class="label-light"
          >
            Damage:
          </strong>
           70
        </span>
      </div>
      <div
        class="detail-object-list"
      >
        <span>
          <strong
            class="label-light"
          >
            Name:
          </strong>
           Seed Bomb
        </span>
        <span>
          <strong
            class="label-light"
          >
            Type:
          </strong>
           Grass
        </span>
        <span>
          <strong
            class="label-light"
          >
            Damage:
          </strong>
           40
        </span>
      </div>
      <div
        class="detail-object-list"
      >
        <span>
          <strong
            class="label-light"
          >
            Name:
          </strong>
           Sludge Bomb
        </span>
        <span>
          <strong
            class="label-light"
          >
            Type:
          </strong>
           Poison
        </span>
        <span>
          <strong
            class="label-light"
          >
            Damage:
          </strong>
           55
        </span>
      </div>
    </div>
  </div>
</DocumentFragment>
`;
